// Jest Snapshot v1, https://goo.gl/fbAQLP

exports[`AnswerInput should match snapshot 1`] = `
<article
  className="AnswerInput"
>
  <h3>
    What's your guess?
  </h3>
  <div
    className="flex-container"
  >
    <div
      className="input"
      contentEditable="true"
      onInput={[Function]}
      role="textbox"
    />
  </div>
  <div
    className="submit-btn"
    onClick={[Function]}
    role="button"
  >
    Submit
  </div>
</article>
`;
