// Jest Snapshot v1, https://goo.gl/fbAQLP

exports[`App should match snapshot 1`] = `
<div
  className="App"
>
  <header
    className="App-header"
  >
    <Nav />
  </header>
  <Cat />
  <section
    className="main-background"
  >
    <div
      className="main-container"
    >
      <h2>
        Learn About Objects and Classes!
      </h2>
      <p>
        Answer the question on the flashcard below. Check your answer before moving on to the next card!
      </p>
      <Flashcard />
      <AnswerInput />
    </div>
  </section>
</div>
`;
