// Jest Snapshot v1, https://goo.gl/fbAQLP

exports[`App should match snapshot 1`] = `
<div
  className="App"
>
  <header
    className="App-header"
  >
    <Nav />
  </header>
  <Cat />
  <section
    className="main-background"
  >
    <div
      className="main-container"
    >
      <Instructions
        answerIsShown={false}
        savedMsgIsShown={false}
      />
      <Flashcard
        answerIsShown={false}
      />
      <AnswerInput
        getUserAnswer={[Function]}
        showAnswer={[Function]}
      />
    </div>
  </section>
</div>
`;
