// Jest Snapshot v1, https://goo.gl/fbAQLP

exports[`Cat should match snapshot 1`] = `
<div
  className="cat-banner"
>
  <div
    className="main"
  >
    <span
      className="stand"
    />
    <div
      className="cat"
    >
      <div
        className="body"
      />
      <div
        className="head"
      >
        <div
          className="ear"
        />
        <div
          className="ear"
        />
      </div>
      <div
        className="face"
      >
        <div
          className="nose"
        />
        <div
          className="whisker-container"
        >
          <div
            className="whisker"
          />
          <div
            className="whisker"
          />
        </div>
        <div
          className="whisker-container"
        >
          <div
            className="whisker"
          />
          <div
            className="whisker"
          />
        </div>
      </div>
      <div
        className="tail-container"
      >
        <div
          className="tail"
        >
          <div
            className="tail"
          >
            <div
              className="tail"
            >
              <div
                className="tail"
              >
                <div
                  className="tail"
                >
                  <div
                    className="tail"
                  >
                    <div
                      className="tail"
                    />
                  </div>
                </div>
              </div>
            </div>
          </div>
        </div>
      </div>
    </div>
  </div>
</div>
`;
