// Jest Snapshot v1, https://goo.gl/fbAQLP

exports[`Dropdown should match snapshot 1`] = `
<article
  className="Dropdown"
>
  <ul
    onMouseLeave={[Function]}
  >
    <li
      onClick={[Function]}
    >
      All Flashcards
    </li>
    <li
      onClick={[Function]}
    >
      Flashcards for Review
    </li>
    <li
      onClick={[Function]}
    >
      Start Over
    </li>
  </ul>
</article>
`;
