// Jest Snapshot v1, https://goo.gl/fbAQLP

exports[`Flashcard should match snapshot 1`] = `
<article
  className="Flashcard"
>
  <h3
    aria-live="polite"
    className="Flashcard-question"
  >
    What is an object in JavaScript?
  </h3>
</article>
`;

exports[`Flashcard should match snapshot if answerIsShown is true 1`] = `
<article
  className="Flashcard"
>
  <h3
    aria-live="polite"
    className="Flashcard-question"
  >
    What is an object in JavaScript?
  </h3>
</article>
`;
